[
   22,
   0,
   0,
   0,
   0,
   0,
   33,
   33,
   33,
   54,
   0,
   0,
   [
      44,
      33,
      0,
      0,
      [
         99
      ]
   ],
   [
      44,
      33,
      0,
      0,
      [
         99
      ]
   ],
   [
      44,
      33,
      0,
      0,
      [
         99
      ]
   ]
]
