[
   22,
   0,
   0,
   0,
   0,
   0,
   0,
   99,
   44,
   0,
   33,
   33,
   33,
   [
      44,
      0,
      0,
      73,
      7
   ],
   12
]
