[
   0,
   0,
   99,
   99,
   99,
   99,
   0,
   0,
   [
      44,
      33
   ],
   [
      44,
      33
   ],
   [
      44,
      33
   ]
]
